// Jest Snapshot v1, https://goo.gl/fbAQLP

exports[`App renders 1`] = `
<View
  collapsable={true}
  pointerEvents="box-none"
  style={
    Object {
      "flex": 1,
    }
  }
>
  <View
    style={
      Array [
        Object {
          "alignItems": "center",
          "backgroundColor": "#1c2225",
          "flexBasis": 0,
          "flexGrow": 1,
          "flexShrink": 1,
          "justifyContent": "center",
        },
      ]
    }
  >
    <Text
      style={
        Array [
          Object {
            "color": "palevioletred",
            "fontSize": 20,
            "fontWeight": "500",
          },
        ]
      }
    >
      [missing "en.BROLOLO" translation]
    </Text>
  </View>
</View>
`;
